> {"jsonrpc":"2.0","id":1,"method":"eth_maxPriorityFeePerGas"}
< {"jsonrpc":"2.0","id":1,"result":"0xc0fe"}
