> {"jsonrpc":"2.0","id":1,"method":"eth_getBlockReceipts","params":["0xc0fe"]}
< {"jsonrpc":"2.0","id":1,"result":[{"blockHash":"0xa32d159805750cbe428b799a49b85dcb2300f61d806786f317260e721727d162","blockNumber":"0xc5d489","cumulativeGasUsed":"0x85262f","effectiveGasPrice":"0x755d7a88e","from":"0x2e419a06feb47d5f640636a55a814757fa10edf9","gasUsed":"0xb886","logs":[{"address":"0x491d6b7d6822d5d4bc88a1264e1b47791fd8e904","topics":["0x8c5be1e5ebec7d5bd14f71427d1e84f3dd0314c0f7b2291e5b200ac8c7c3b925","0x0000000000000000000000002e419a06feb47d5f640636a55a814757fa10edf9","0x0000000000000000000000007645eec8bb51862a5aa855c40971b2877dae81af"],"data":"0xffffffffffffffffffffffffffffffffffffffffffffffffffffffffffffffff","blockNumber":"0xc5d489","transactionHash":"0xed382cb554ad10e94921d263a56c670669d6c380bbdacdbf96fed625b7132a1d","transactionIndex":"0x62","blockHash":"0xa32d159805750cbe428b799a49b85dcb2300f61d806786f317260e721727d162","logIndex":"0xbb","removed":false}],"logsBloom":"0x00000000000000000000000000000000000000000000000000000000000800000000000000000000000000000000000000000000000000000000000000200000000000000000000000000000000000000000000000000200000000000000000000000000000000000000000000000000000000000000000000000000000000000000040000000010000000000000000000000006000000000000002000000000020000000000000000000000000000000000000000000000000000000000000000000000000000000000000000000000000000004000000000000000000000000010000000000000000000000000000000000000000000000000040000000000","status":"0x1","to":"0x491d6b7d6822d5d4bc88a1264e1b47791fd8e904","transactionHash":"0xed382cb554ad10e94921d263a56c670669d6c380bbdacdbf96fed625b7132a1d","transactionIndex":"0x62","type":"0x2"}]}
