> {"jsonrpc":"2.0","id":1,"method":"eth_getBlockByHash","params":["0x95b198e154acbfc64109dfd22d8224fe927fd8dfdedfae01587674482ba4baf3",true]}
< {"jsonrpc":"2.0","id":1,"result":{"baseFeePerGas":"0x50ead8e39","difficulty":"0x0","extraData":"0x496c6c756d696e61746520446d6f63726174697a6520447374726962757465","gasLimit":"0x1c9c380","gasUsed":"0xf7e9ab","hash":"0x95b198e154acbfc64109dfd22d8224fe927fd8dfdedfae01587674482ba4baf3","logsBloom":"0x53f146f2484e1cb4b24d5a028329290bd702c80fe8465d9e55e900682e28809f405df83fd48d530900908f3c62de69000a530db688092c03d9406056852a0152220084ec4f8daa3c2c226e9878b08578163190e80b482ad30604c3649c25002037100c2086aaa3291c0407418431ebaa851804a6212996a206840875360bd84d2123065273780b9d04e4950c029a40d3e062b2697b048e4f3629824234ba00318a680d70eab6a9d740e38de89394d492c4c2ad6424bac19d4bcf08ca4044435aca49069e6907893082841ca20446b2220f4053121e7cc4b8cb84095f1a32320e105a20c821f675418c0d13308a896040d67550322ac88444e20080b364670401","miner":"0xdafea492d9c6733ae3d56b7ed1adb60692c98bc5","mixHash":"0x8b14d8532c673877dcc735caf93392bd05603456b7745fc3f012a3e3b156acfa","nonce":"0x0000000000000000","number":"0x112a880","parentHash":"0x198723e0ddf20153951c6304093cbd97fd306c5db03287c5586c0430a986080d","receiptsRoot":"0xd925652022fa6da2ca5b9781ab2fd50cb05d3b4741a327f52322e2b7917d3a2f","sha3Uncles":"0x1dcc4de8dec75d7aab85b567b6ccd41ad312451b948a7413f0a142fd40d49347","size":"0x469a6","stateRoot":"0x08b7443c83a93d4711f5c63e738c27c54a932522405b37b4ca7868a944105deb","timestamp":"0x64ea268f","totalDifficulty":"0xc70d815d562d3cfa955","transactions":[],"transactionsRoot":"0x97dd0200249a35da2c73b366612c2d9c3d112e83ef5e0277cded1352c66628ba","uncles":[],"withdrawals":[{"index":"0xeb9b8c","validatorIndex":"0xa474b","address":"0xd7a0b38496064412a8d6b1f77bc30ada93e7b7a5","amount":"0xeb0d50"}],"withdrawalsRoot":"0x5362ee94b61e8cef92bf61353e62744b4fe6d1f2482aade614054527e6d5de7d"}}
