> {"jsonrpc":"2.0","id":1,"method":"eth_getStorageAt","params":["0x000000000000000000000000000000000000c0de","0x0000000000000000000000000000000000000000000000000000000000000001","latest"]}
< {"jsonrpc":"2.0","id":1,"result":"0x42"}
