> {"jsonrpc":"2.0","id":1,"method":"txpool_content"}
< {"jsonrpc":"2.0","id":1,"result":{"pending":{"0x000454307bB96E303044046a6eB2736D2aD560B6":{"4652":{"blockHash":null,"blockNumber":null,"from":"0x000454307bb96e303044046a6eb2736d2ad560b6","gas":"0x10c8e0","gasPrice":"0x2f3c169574","maxFeePerGas":"0x2f3c169574","maxPriorityFeePerGas":"0x7500eb460","hash":"0xb4f36425ff7007c1fc6d29148f062f5ed3232ad99bc185f5ad26f071851409c7","input":"0x3593564c000000000000000000000000000000000000000000000000000000000000006000000000000000000000000000000000000000000000000000000000000000a0000000000000000000000000000000000000000000000000000001896e196d5300000000000000000000000000000000000000000000000000000000000000030b090c00000000000000000000000000000000000000000000000000000000000000000000000000000000000000000000000000000000000000000000000003000000000000000000000000000000000000000000000000000000000000006000000000000000000000000000000000000000000000000000000000000000c000000000000000000000000000000000000000000000000000000000000001e000000000000000000000000000000000000000000000000000000000000000400000000000000000000000000000000000000000000000000000000000000002000000000000000000000000000000000000000000000000011fc51222ce800000000000000000000000000000000000000000000000000000000000000001000000000000000000000000000000000000000000000000000000000000000001000000000000000000000000000000000000000000000000004657febe8d8000000000000000000000000000000000000000000000000000011fc51222ce800000000000000000000000000000000000000000000000000000000000000000a000000000000000000000000000000000000000000000000000000000000000000000000000000000000000000000000000000000000000000000000000000002000000000000000000000000c02aaa39b223fe8d0a0e5c4f27ead9083c756cc20000000000000000000000008d538a82c84d7003aa0e7f1098bd9dc5ea1777be000000000000000000000000000000000000000000000000000000000000004000000000000000000000000000000000000000000000000000000000000000010000000000000000000000000000000000000000000000000000000000000000","nonce":"0x122c","to":"0xef1c6e67703c7bd7107eed8303fbe6ec2554bf6b","transactionIndex":null,"value":"0x11fc51222ce8000","type":"0x2","accessList":[],"chainId":"0x1","v":"0x0","r":"0xf91729846ac8bb780a7239b7f0157d53330bba310a0811f4eec2eae25172c252","s":"0x1bb9a1b9aea8b128e0e8dc42b17664be50c7b4073973c730b6c4cf2a3b3503cb"}}},"queued":{"0x1BA4Ca9ac6ff4CF192C11E8C1624563f302cAA87":{"183":{"blockHash":null,"blockNumber":null,"from":"0x1ba4ca9ac6ff4cf192c11e8c1624563f302caa87","gas":"0x1839a","gasPrice":"0x4a9bf00ce","maxFeePerGas":"0x4a9bf00ce","maxPriorityFeePerGas":"0x68e7780","hash":"0x222c11451c3bf3607a4ef18fa87f26575a0dca97e10ceb81b8ebebdd45d5bbfb","input":"0x","nonce":"0xb7","to":"0x1ba4ca9ac6ff4cf192c11e8c1624563f302caa87","transactionIndex":null,"value":"0x0","type":"0x2","accessList":[],"chainId":"0x1","v":"0x0","r":"0xea35c7c0643b79664b0bbb7f42d64edd371508ae4c33c1f817a80a2655465935","s":"0x76d39f794e9e1ee359d66b7d3b19b90aaf2051b2159c68f3bb8c954558989da8"}}}}}
