> {"jsonrpc":"2.0","id":1,"method":"txpool_contentFrom","params":["0x1ba4ca9ac6ff4cf192c11e8c1624563f302caa87"]}
< {"jsonrpc":"2.0","id":1,"result":{"queued":{"183":{"blockHash":null,"blockNumber":null,"from":"0x1ba4ca9ac6ff4cf192c11e8c1624563f302caa87","gas":"0x1839a","gasPrice":"0x4a9bf00ce","maxFeePerGas":"0x4a9bf00ce","maxPriorityFeePerGas":"0x68e7780","hash":"0x222c11451c3bf3607a4ef18fa87f26575a0dca97e10ceb81b8ebebdd45d5bbfb","input":"0x","nonce":"0xb7","to":"0x1ba4ca9ac6ff4cf192c11e8c1624563f302caa87","transactionIndex":null,"value":"0x0","type":"0x2","accessList":[],"chainId":"0x1","v":"0x0","r":"0xea35c7c0643b79664b0bbb7f42d64edd371508ae4c33c1f817a80a2655465935","s":"0x76d39f794e9e1ee359d66b7d3b19b90aaf2051b2159c68f3bb8c954558989da8"}}}}
