> {"jsonrpc":"2.0","id":1,"method":"admin_addTrustedPeer","params":["enode://a979fb575495b8d6db44f750317d0f4622bf4c2aa3365d6af7c284339968eef29b69ad0dce72a4d8db5ebb4968de0e3bec910127f134779fbcb0cb6d3331163c@52.16.188.185:30303"]}
< {"jsonrpc":"2.0","id":1,"result":true}
